{
    "players": [
        {
            "health": 30,
            "mana": 1,
            "deck": [6, 3, 5, 1, 5, 1, 4, 2],
            "hand": [6, 3, 4, 2],
            "battlefield": []
        },
        {
            "health": 30,
            "mana": 0,
            "deck": [5, 4, 3, 6, 2, 1, 3, 1],
            "hand": [6, 5, 2, 4, 0],
            "battlefield": []
        }
    ]
}
