{
    "players": [
        {
            "health": 30,
            "mana": 2,
            "deck": [3, 5, 1, 5, 1, 4, 2],
            "hand": [6, 3, 4, 6],
            "battlefield": [
                {
                    "name": "Argent Squire",
                    "attack": 1,
                    "health": 1,
                    "abilities": ["Divine Shield"]
                }
            ]
        },
        {
            "health": 30,
            "mana": 0,
            "deck": [4, 3, 6, 2, 1, 3, 1],
            "hand": [5, 2, 4, 5],
            "battlefield": [
                {
                    "name": "Loot Hoarder",
                    "attack": 2,
                    "health": 1,
                    "abilities": ["Deathrattle"]
                }
            ]
        }
    ]
}
